// Jest Snapshot v1, https://goo.gl/fbAQLP

exports[`UkriHeader renders correctly 1`] = `
Array [
  <div
    className="sc-htpNat dPcZRk"
  >
    <div
      className="sc-bZQynM cavRvu"
    >
      <div
        className="sc-ifAKCX dAMALV"
      >
        <a
          className="sc-bdVaJa kwKwSe"
          href="/"
        >
          <img
            alt="UK Research and Innovation"
            className="sc-bwzfXH dYfCK"
            src={
              Object {
                "ReactComponent": Object {
                  "$$typeof": Symbol(react.forward_ref),
                  "render": [Function],
                },
                "__esModule": true,
                "default": "logo.svg",
              }
            }
          />
        </a>
        <span
          className="sc-bxivhb bpARL"
        >
          Funding service
        </span>
      </div>
    </div>
  </div>,
  <div
    className="sc-EHOje etgbYq"
  >
    <div
      className="sc-bZQynM cavRvu"
      style={
        Object {
          "backgroundColor": "#e4e4e4",
        }
      }
    >
      <nav
        className="sc-gzVnrw bcYJEE"
      >
        <a
          aria-current="page"
          className="sc-htoDjs NKqyq"
          href="/"
          onClick={[Function]}
        >
          <span>
            Funding
          </span>
        </a>
        <a
          aria-current="page"
          className="sc-htoDjs NKqyq"
          href="/"
          onClick={[Function]}
        >
          <span>
            Research
          </span>
        </a>
        <a
          aria-current="page"
          className="sc-htoDjs NKqyq"
          href="/"
          onClick={[Function]}
        >
          <span>
            Innovation
          </span>
        </a>
        <a
          aria-current="page"
          className="sc-htoDjs NKqyq"
          href="/"
          onClick={[Function]}
        >
          <span>
            Skills
          </span>
        </a>
        <a
          aria-current="page"
          className="sc-htoDjs NKqyq"
          href="/"
          onClick={[Function]}
        >
          <span>
            News
          </span>
        </a>
        <a
          aria-current="page"
          className="sc-htoDjs NKqyq"
          href="/"
          onClick={[Function]}
        >
          <span>
            Public engagement
          </span>
        </a>
        <a
          aria-current="page"
          className="sc-htoDjs NKqyq"
          href="/"
          onClick={[Function]}
        >
          <span>
            About us
          </span>
        </a>
      </nav>
    </div>
  </div>,
]
`;
