// Jest Snapshot v1, https://goo.gl/fbAQLP

exports[`OpportunityIndexPage renders correctly 1`] = `<div />`;
