// Jest Snapshot v1, https://goo.gl/fbAQLP

exports[`OpportunityIndex renders correctly 1`] = `<div />`;
