// Jest Snapshot v1, https://goo.gl/fbAQLP

exports[`OpportunityListItem renders correctly 1`] = `null`;
